// Jest Snapshot v1, https://goo.gl/fbAQLP

exports[`can render PlanTable snapshot 1`] = `
<div
  class="makeStyles-root-1"
>
  <div
    class="makeStyles-container-2"
  >
    <div
      class="makeStyles-paper-3"
    >
      <div
        class="makeStyles-dialogHeader-5"
      >
        <button
          aria-label="Add Plan"
          class="MuiButtonBase-root MuiButton-root MuiButton-outlined MuiButton-outlinedPrimary makeStyles-button-9"
          tabindex="0"
          type="button"
        >
          <span
            class="MuiButton-label"
          >
            Add Plan
            <svg
              aria-hidden="true"
              class="MuiSvgIcon-root makeStyles-buttonIcon-11"
              focusable="false"
              role="presentation"
              viewBox="0 0 24 24"
            >
              <path
                d="M19 13h-6v6h-2v-6H5v-2h6V5h2v6h6v2z"
              />
            </svg>
          </span>
          <span
            class="MuiTouchRipple-root"
          />
        </button>
        <div
          class="makeStyles-grow-4"
        >
          Â 
        </div>
        <button
          aria-label="Filter"
          class="MuiButtonBase-root MuiButton-root MuiButton-outlined MuiButton-outlinedPrimary makeStyles-button-9"
          tabindex="0"
          title="Show/Hide filter rows"
          type="button"
        >
          <span
            class="MuiButton-label"
          >
            Filter
            <svg
              aria-hidden="true"
              class="MuiSvgIcon-root makeStyles-icon-10"
              focusable="false"
              role="presentation"
              viewBox="0 0 24 24"
            >
              <path
                d="M10 18h4v-2h-4v2zM3 6v2h18V6H3zm3 7h12v-2H6v2z"
              />
            </svg>
          </span>
          <span
            class="MuiTouchRipple-root"
          />
        </button>
      </div>
      <div
        class="RootBase-root-52"
      >
        <div
          class="TableContainer-root-53"
        >
          <div>
            <table
              class="MuiTable-root Table-table-54"
              style="min-width: 650px;"
            >
              <colgroup>
                <col
                  style="width: 300px;"
                />
                <col
                  style="width: 100px;"
                />
                <col
                  style="width: 100px;"
                />
                <col
                  style="width: 150px;"
                />
                <col />
              </colgroup>
              <thead
                class="MuiTableHead-root"
              >
                <tr
                  class="MuiTableRow-root MuiTableRow-head"
                >
                  <th
                    class="MuiTableCell-root TableHeaderCell-cell-67 TableHeaderCell-cellNoUserSelect-71 TableHeaderCell-cellDraggable-72 TableHeaderCell-cellNoWrap-77 MuiTableCell-head"
                    colspan="1"
                    scope="col"
                  >
                    <div
                      class="TableHeaderCell-container-76"
                    >
                      <div
                        class="Content-content-90"
                      >
                        <div
                          class="SortLabel-root-93"
                        >
                          <span
                            aria-disabled="false"
                            class="MuiButtonBase-root MuiTableSortLabel-root SortLabel-sortLabelRoot-95 MuiTableSortLabel-active SortLabel-sortLabelActive-97"
                            role="button"
                            tabindex="0"
                            title="Sort"
                          >
                            <span
                              class="Title-title-111"
                            >
                              Name
                            </span>
                            <svg
                              aria-hidden="true"
                              class="MuiSvgIcon-root MuiTableSortLabel-icon MuiTableSortLabel-iconDirectionAsc"
                              focusable="false"
                              role="presentation"
                              viewBox="0 0 24 24"
                            >
                              <path
                                d="M20 12l-1.41-1.41L13 16.17V4h-2v12.17l-5.58-5.59L4 12l8 8 8-8z"
                              />
                            </svg>
                          </span>
                        </div>
                      </div>
                    </div>
                    <div
                      class="ResizingControl-resizeHandle-112 TableHeaderCell-resizeHandle-68"
                    >
                      <div
                        class="TableHeaderCell-resizeHandleLine-69 ResizingControl-resizeHandleLine-113 ResizingControl-resizeHandleFirstLine-114"
                      />
                      <div
                        class="TableHeaderCell-resizeHandleLine-69 ResizingControl-resizeHandleLine-113 ResizingControl-resizeHandleSecondLine-115"
                      />
                    </div>
                  </th>
                  <th
                    class="MuiTableCell-root TableHeaderCell-cell-67 TableHeaderCell-cellNoUserSelect-71 TableHeaderCell-cellDraggable-72 TableHeaderCell-cellNoWrap-77 MuiTableCell-head"
                    colspan="1"
                    scope="col"
                  >
                    <div
                      class="TableHeaderCell-container-76"
                    >
                      <div
                        class="Content-content-90"
                      >
                        <div
                          class="SortLabel-root-93"
                        >
                          <span
                            aria-disabled="false"
                            class="MuiButtonBase-root MuiTableSortLabel-root SortLabel-sortLabelRoot-95"
                            role="button"
                            tabindex="0"
                            title="Sort"
                          >
                            <span
                              class="Title-title-111"
                            >
                              Type
                            </span>
                            <svg
                              aria-hidden="true"
                              class="MuiSvgIcon-root MuiTableSortLabel-icon MuiTableSortLabel-iconDirectionDesc"
                              focusable="false"
                              role="presentation"
                              viewBox="0 0 24 24"
                            >
                              <path
                                d="M20 12l-1.41-1.41L13 16.17V4h-2v12.17l-5.58-5.59L4 12l8 8 8-8z"
                              />
                            </svg>
                          </span>
                        </div>
                      </div>
                    </div>
                    <div
                      class="ResizingControl-resizeHandle-112 TableHeaderCell-resizeHandle-68"
                    >
                      <div
                        class="TableHeaderCell-resizeHandleLine-69 ResizingControl-resizeHandleLine-113 ResizingControl-resizeHandleFirstLine-114"
                      />
                      <div
                        class="TableHeaderCell-resizeHandleLine-69 ResizingControl-resizeHandleLine-113 ResizingControl-resizeHandleSecondLine-115"
                      />
                    </div>
                  </th>
                  <th
                    class="MuiTableCell-root TableHeaderCell-cell-67 TableHeaderCell-cellNoUserSelect-71 TableHeaderCell-cellDraggable-72 TableHeaderCell-cellNoWrap-77 MuiTableCell-head"
                    colspan="1"
                    scope="col"
                  >
                    <div
                      class="TableHeaderCell-container-76"
                    >
                      <div
                        class="Content-content-90"
                      >
                        <div
                          class="SortLabel-root-93"
                        >
                          <span
                            aria-disabled="false"
                            class="MuiButtonBase-root MuiTableSortLabel-root SortLabel-sortLabelRoot-95"
                            role="button"
                            tabindex="0"
                            title="Sort"
                          >
                            <span
                              class="Title-title-111"
                            >
                              Sections
                            </span>
                            <svg
                              aria-hidden="true"
                              class="MuiSvgIcon-root MuiTableSortLabel-icon MuiTableSortLabel-iconDirectionDesc"
                              focusable="false"
                              role="presentation"
                              viewBox="0 0 24 24"
                            >
                              <path
                                d="M20 12l-1.41-1.41L13 16.17V4h-2v12.17l-5.58-5.59L4 12l8 8 8-8z"
                              />
                            </svg>
                          </span>
                        </div>
                      </div>
                    </div>
                    <div
                      class="ResizingControl-resizeHandle-112 TableHeaderCell-resizeHandle-68"
                    >
                      <div
                        class="TableHeaderCell-resizeHandleLine-69 ResizingControl-resizeHandleLine-113 ResizingControl-resizeHandleFirstLine-114"
                      />
                      <div
                        class="TableHeaderCell-resizeHandleLine-69 ResizingControl-resizeHandleLine-113 ResizingControl-resizeHandleSecondLine-115"
                      />
                    </div>
                  </th>
                  <th
                    class="MuiTableCell-root TableHeaderCell-cell-67 TableHeaderCell-cellNoUserSelect-71 TableHeaderCell-cellDraggable-72 TableHeaderCell-cellNoWrap-77 MuiTableCell-head"
                    colspan="1"
                    scope="col"
                  >
                    <div
                      class="TableHeaderCell-container-76"
                    >
                      <div
                        class="Content-content-90"
                      >
                        <div
                          class="SortLabel-root-93"
                        >
                          <span
                            aria-disabled="true"
                            class="MuiButtonBase-root MuiTableSortLabel-root SortLabel-sortLabelRoot-95 Mui-disabled"
                            role="button"
                            tabindex="-1"
                            title="Sort"
                          >
                            <span
                              class="Title-title-111"
                            >
                              Action
                            </span>
                            <svg
                              aria-hidden="true"
                              class="MuiSvgIcon-root MuiTableSortLabel-icon MuiTableSortLabel-iconDirectionDesc"
                              focusable="false"
                              role="presentation"
                              viewBox="0 0 24 24"
                            >
                              <path
                                d="M20 12l-1.41-1.41L13 16.17V4h-2v12.17l-5.58-5.59L4 12l8 8 8-8z"
                              />
                            </svg>
                          </span>
                        </div>
                      </div>
                    </div>
                    <div
                      class="ResizingControl-resizeHandle-112 TableHeaderCell-resizeHandle-68"
                    >
                      <div
                        class="TableHeaderCell-resizeHandleLine-69 ResizingControl-resizeHandleLine-113 ResizingControl-resizeHandleFirstLine-114"
                      />
                      <div
                        class="TableHeaderCell-resizeHandleLine-69 ResizingControl-resizeHandleLine-113 ResizingControl-resizeHandleSecondLine-115"
                      />
                    </div>
                  </th>
                  <th
                    class="MuiTableCell-root TableStubCell-cell-118 MuiTableCell-head"
                    colspan="1"
                    scope="col"
                  />
                </tr>
              </thead>
              <tbody
                class="MuiTableBody-root"
              >
                <tr
                  class="MuiTableRow-root"
                >
                  <td
                    class="MuiTableCell-root TableNoDataCell-cell-121 MuiTableCell-body"
                    colspan="5"
                  >
                    <div
                      class="TableNoDataCell-textContainer-122"
                    >
                      <big
                        class="TableNoDataCell-text-123"
                      >
                        No data
                      </big>
                    </div>
                  </td>
                </tr>
              </tbody>
            </table>
          </div>
        </div>
      </div>
    </div>
  </div>
  <div />
</div>
`;
