// Jest Snapshot v1, https://goo.gl/fbAQLP

exports[`DataProvider renders children 1`] = `
<span>
  test children
</span>
`;
